// Jest Snapshot v1, https://goo.gl/fbAQLP

exports[`TextComponent should match snapshot 1`] = `
<div
  class="root "
  style="font-size: 1rem; text-transform: none; line-height: 1.4; word-break: break-all; text-align: center; font-weight: 400; letter-spacing: normal; font-family: Roboto;"
>
  Test text
</div>
`;

exports[`TextComponent should render something 1`] = `
<div
  class="root "
  style="font-size: 1rem; text-transform: none; line-height: 1.4; word-break: break-all; text-align: center; font-weight: 400; letter-spacing: normal; font-family: Roboto;"
>
  Test text
</div>
`;

exports[`TextComponent should render text 1`] = `
<div
  class="root "
  style="font-size: 1rem; text-transform: none; line-height: 1.4; word-break: break-all; text-align: center; font-weight: 400; letter-spacing: normal; font-family: Roboto;"
>
  Test text
</div>
`;
